node:internal/modules/esm/resolve:271
    throw new ERR_MODULE_NOT_FOUND(
          ^

Error [ERR_MODULE_NOT_FOUND]: Cannot find module 'E:\projects\wire\src\core\schema.js' imported from E:\projects\wire\tests\diff.test.ts
    at finalizeResolution (node:internal/modules/esm/resolve:271:11)
    at moduleResolve (node:internal/modules/esm/resolve:865:10)
    at defaultResolve (node:internal/modules/esm/resolve:992:11)
    at #cachedDefaultResolve (node:internal/modules/esm/loader:691:20)
    at #resolveAndMaybeBlockOnLoaderThread (node:internal/modules/esm/loader:708:38)
    at ModuleLoader.resolveSync (node:internal/modules/esm/loader:740:52)
    at #resolve (node:internal/modules/esm/loader:673:17)
    at ModuleLoader.getOrCreateModuleJob (node:internal/modules/esm/loader:593:35)
    at ModuleJob.syncLink (node:internal/modules/esm/module_job:163:33)
    at ModuleJob.link (node:internal/modules/esm/module_job:253:17) {
  code: 'ERR_MODULE_NOT_FOUND',
  url: 'file:///E:/projects/wire/src/core/schema.js'
}

Node.js v24.16.0
Ô£û tests\diff.test.ts (331.868ms)
node:internal/modules/esm/resolve:271
    throw new ERR_MODULE_NOT_FOUND(
          ^

Error [ERR_MODULE_NOT_FOUND]: Cannot find module 'E:\projects\wire\src\core\schema.js' imported from E:\projects\wire\tests\mock.test.ts
    at finalizeResolution (node:internal/modules/esm/resolve:271:11)
    at moduleResolve (node:internal/modules/esm/resolve:865:10)
    at defaultResolve (node:internal/modules/esm/resolve:992:11)
    at #cachedDefaultResolve (node:internal/modules/esm/loader:691:20)
    at #resolveAndMaybeBlockOnLoaderThread (node:internal/modules/esm/loader:708:38)
    at ModuleLoader.resolveSync (node:internal/modules/esm/loader:740:52)
    at #resolve (node:internal/modules/esm/loader:673:17)
    at ModuleLoader.getOrCreateModuleJob (node:internal/modules/esm/loader:593:35)
    at ModuleJob.syncLink (node:internal/modules/esm/module_job:163:33)
    at ModuleJob.link (node:internal/modules/esm/module_job:253:17) {
  code: 'ERR_MODULE_NOT_FOUND',
  url: 'file:///E:/projects/wire/src/core/schema.js'
}

Node.js v24.16.0
Ô£û tests\mock.test.ts (310.9116ms)
node:internal/modules/esm/resolve:271
    throw new ERR_MODULE_NOT_FOUND(
          ^

Error [ERR_MODULE_NOT_FOUND]: Cannot find module 'E:\projects\wire\src\core\schema.js' imported from E:\projects\wire\tests\schema.test.ts
    at finalizeResolution (node:internal/modules/esm/resolve:271:11)
    at moduleResolve (node:internal/modules/esm/resolve:865:10)
    at defaultResolve (node:internal/modules/esm/resolve:992:11)
    at #cachedDefaultResolve (node:internal/modules/esm/loader:691:20)
    at #resolveAndMaybeBlockOnLoaderThread (node:internal/modules/esm/loader:708:38)
    at ModuleLoader.resolveSync (node:internal/modules/esm/loader:740:52)
    at #resolve (node:internal/modules/esm/loader:673:17)
    at ModuleLoader.getOrCreateModuleJob (node:internal/modules/esm/loader:593:35)
    at ModuleJob.syncLink (node:internal/modules/esm/module_job:163:33)
    at ModuleJob.link (node:internal/modules/esm/module_job:253:17) {
  code: 'ERR_MODULE_NOT_FOUND',
  url: 'file:///E:/projects/wire/src/core/schema.js'
}

Node.js v24.16.0
Ô£û tests\schema.test.ts (289.1644ms)
Ôä╣ tests 3
Ôä╣ suites 0
Ôä╣ pass 0
Ôä╣ fail 3
Ôä╣ cancelled 0
Ôä╣ skipped 0
Ôä╣ todo 0
Ôä╣ duration_ms 371.5635

Ô£û failing tests:

test at tests\diff.test.ts:1:1
Ô£û tests\diff.test.ts (331.868ms)
  'test failed'

test at tests\mock.test.ts:1:1
Ô£û tests\mock.test.ts (310.9116ms)
  'test failed'

test at tests\schema.test.ts:1:1
Ô£û tests\schema.test.ts (289.1644ms)
  'test failed'
